// Jest Snapshot v1, https://goo.gl/fbAQLP

exports[`geocodeByAddress geocodes valid address 1`] = `
Array [
  Object {
    "address_components": Array [
      Object {
        "long_name": "San Francisco",
        "short_name": "SF",
        "types": Array [
          "locality",
          "political",
        ],
      },
      Object {
        "long_name": "San Francisco County",
        "short_name": "San Francisco County",
        "types": Array [
          "administrative_area_level_2",
          "political",
        ],
      },
      Object {
        "long_name": "California",
        "short_name": "CA",
        "types": Array [
          "administrative_area_level_1",
          "political",
        ],
      },
      Object {
        "long_name": "United States",
        "short_name": "US",
        "types": Array [
          "country",
          "political",
        ],
      },
    ],
    "formatted_address": "San Francisco, CA, USA",
    "geometry": Object {
      "bounds": Object {
        "east": -122.28178000000003,
        "north": 37.9298239,
        "south": 37.6398299,
        "west": -123.17382499999997,
      },
      "location": Object {
        "lat": 37.7749295,
        "lng": -122.41941550000001,
      },
      "location_type": "APPROXIMATE",
      "viewport": Object {
        "east": -122.34820000000002,
        "north": 37.812,
        "south": 37.70339999999999,
        "west": -122.52699999999999,
      },
    },
    "place_id": "ChIJIQBpAG2ahYAR_6128GcTUEo",
    "types": Array [
      "locality",
      "political",
    ],
  },
]
`;

exports[`geocodeByLocation geocode valid location 1`] = `
Array [
  Object {
    "address_components": Array [
      Object {
        "long_name": "San Francisco",
        "short_name": "SF",
        "types": Array [
          "locality",
          "political",
        ],
      },
      Object {
        "long_name": "San Francisco County",
        "short_name": "San Francisco County",
        "types": Array [
          "administrative_area_level_2",
          "political",
        ],
      },
      Object {
        "long_name": "California",
        "short_name": "CA",
        "types": Array [
          "administrative_area_level_1",
          "political",
        ],
      },
      Object {
        "long_name": "United States",
        "short_name": "US",
        "types": Array [
          "country",
          "political",
        ],
      },
    ],
    "formatted_address": "San Francisco, CA, USA",
    "geometry": Object {
      "bounds": Object {
        "east": -122.28178000000003,
        "north": 37.9298239,
        "south": 37.6398299,
        "west": -123.17382499999997,
      },
      "location": Object {
        "lat": 37.7749295,
        "lng": -122.41941550000001,
      },
      "location_type": "APPROXIMATE",
      "viewport": Object {
        "east": -122.34820000000002,
        "north": 37.812,
        "south": 37.70339999999999,
        "west": -122.52699999999999,
      },
    },
    "place_id": "ChIJIQBpAG2ahYAR_6128GcTUEo",
    "types": Array [
      "locality",
      "political",
    ],
  },
]
`;

exports[`geocodeByPlaceId geocode valid placeID 1`] = `
Array [
  Object {
    "address_components": Array [
      Object {
        "long_name": "San Francisco",
        "short_name": "SF",
        "types": Array [
          "locality",
          "political",
        ],
      },
      Object {
        "long_name": "San Francisco County",
        "short_name": "San Francisco County",
        "types": Array [
          "administrative_area_level_2",
          "political",
        ],
      },
      Object {
        "long_name": "California",
        "short_name": "CA",
        "types": Array [
          "administrative_area_level_1",
          "political",
        ],
      },
      Object {
        "long_name": "United States",
        "short_name": "US",
        "types": Array [
          "country",
          "political",
        ],
      },
    ],
    "formatted_address": "San Francisco, CA, USA",
    "geometry": Object {
      "bounds": Object {
        "east": -122.28178000000003,
        "north": 37.9298239,
        "south": 37.6398299,
        "west": -123.17382499999997,
      },
      "location": Object {
        "lat": 37.7749295,
        "lng": -122.41941550000001,
      },
      "location_type": "APPROXIMATE",
      "viewport": Object {
        "east": -122.34820000000002,
        "north": 37.812,
        "south": 37.70339999999999,
        "west": -122.52699999999999,
      },
    },
    "place_id": "ChIJIQBpAG2ahYAR_6128GcTUEo",
    "types": Array [
      "locality",
      "political",
    ],
  },
]
`;
